12 3.0
12 3.1
12 3.2
12 3.3
12 3.4
12 3.5
12 3.6
12 3.7
12 3.8
12 3.9
12 4.0
12 4.1
12 4.2
12 4.3
12 4.4
12 4.5
12 4.6
12 4.7
12 4.8
12 4.9
12 5.0
12 5.1
12 5.2
12 5.3
12 5.4
12 5.5
12 5.6
12 5.7
12 5.8
12 5.9
12 6.0
20 3.0
20 3.1
20 3.2
20 3.3
20 3.4
20 3.5
20 3.6
20 3.7
20 3.8
20 3.9
20 4.0
20 4.1
20 4.2
20 4.3
20 4.4
20 4.5
20 4.6
20 4.7
20 4.8
20 4.9
20 5.0
20 5.1
20 5.2
20 5.3
20 5.4
20 5.5
20 5.6
20 5.7
20 5.8
20 5.9
20 6.0
24 3.0
24 3.1
24 3.2
24 3.3
24 3.4
24 3.5
24 3.6
24 3.7
24 3.8
24 3.9
24 4.0
24 4.1
24 4.2
24 4.3
24 4.4
24 4.5
24 4.6
24 4.7
24 4.8
24 4.9
24 5.0
24 5.1
24 5.2
24 5.3
24 5.4
24 5.5
24 5.6
24 5.7
24 5.8
24 5.9
24 6.0
40 3.0
40 3.1
40 3.2
40 3.3
40 3.4
40 3.5
40 3.6
40 3.7
40 3.8
40 3.9
40 4.0
40 4.1
40 4.2
40 4.3
40 4.4
40 4.5
40 4.6
40 4.7
40 4.8
40 4.9
40 5.0
40 5.1
40 5.2
40 5.3
40 5.4
40 5.5
40 5.6
40 5.7
40 5.8
40 5.9
40 6.0
50 3.0
50 3.1
50 3.2
50 3.3
50 3.4
50 3.5
50 3.6
50 3.7
50 3.8
50 3.9
50 4.0
50 4.1
50 4.2
50 4.3
50 4.4
50 4.5
50 4.6
50 4.7
50 4.8
50 4.9
50 5.0
50 5.1
50 5.2
50 5.3
50 5.4
50 5.5
50 5.6
50 5.7
50 5.8
50 5.9
50 6.0
100 3.0
100 3.1
100 3.2
100 3.3
100 3.4
100 3.5
100 3.6
100 3.7
100 3.8
100 3.9
100 4.0
100 4.1
100 4.2
100 4.3
100 4.4
100 4.5
100 4.6
100 4.7
100 4.8
100 4.9
100 5.0
100 5.1
100 5.2
100 5.3
100 5.4
100 5.5
100 5.6
100 5.7
100 5.8
100 5.9
100 6.0
150 3.8
150 3.85
150 3.9
150 3.95
150 4.0
150 4.05
150 4.1
150 4.15
150 4.2
150 4.25
150 4.3
150 4.35
150 4.4
150 4.45
150 4.5
150 4.55
150 4.6
150 4.65
150 4.7
150 4.75
150 4.8
200 3.8
200 3.85
200 3.9
200 3.95
200 4.0
200 4.05
200 4.1
200 4.15
200 4.2
200 4.25
200 4.3
200 4.35
200 4.4
200 4.45
200 4.5
200 4.55
200 4.6
200 4.65
200 4.7
200 4.75
200 4.8
