{'inst': 343, 'gamma': 0.5, 'p_opt_a1_4000': 0.46875, 'p_opt_a1': 0.45977, 'z': -25.44, 'power_diff': 0.07878535705606664, 'power_diff_se': 0.0006658036555583695, 'confirmed': 1}
{'inst': 754, 'gamma': 0.5, 'p_opt_a1_4000': 0.52825, 'p_opt_a1': 0.51406, 'z': 8.89, 'power_diff': -0.046982572134291765, 'power_diff_se': 0.0005187531075778255, 'confirmed': 1}
{'inst': 2, 'gamma': 0.9, 'p_opt_a1_4000': 0.69325, 'p_opt_a1': 0.69094, 'z': 120.76, 'power_diff': -0.005846975527703191, 'power_diff_se': 0.00017692155278795064, 'confirmed': 1}
{'inst': 20, 'gamma': 0.9, 'p_opt_a1_4000': 0.55825, 'p_opt_a1': 0.56108, 'z': 38.63, 'power_diff': -0.005887230904425416, 'power_diff_se': 0.0002059061593940469, 'confirmed': 1}
{'inst': 25, 'gamma': 0.9, 'p_opt_a1_4000': 0.4105, 'p_opt_a1': 0.41738, 'z': -52.25, 'power_diff': 0.0028073637521004186, 'power_diff_se': 0.0001794483314296513, 'confirmed': 1}
{'inst': 54, 'gamma': 0.9, 'p_opt_a1_4000': 0.524, 'p_opt_a1': 0.52489, 'z': 15.74, 'power_diff': -0.008203496766661047, 'power_diff_se': 0.00021983920581187229, 'confirmed': 1}
{'inst': 58, 'gamma': 0.9, 'p_opt_a1_4000': 0.52475, 'p_opt_a1': 0.53704, 'z': 23.43, 'power_diff': -0.002855309209117548, 'power_diff_se': 0.00014812226398704787, 'confirmed': 1}
{'inst': 61, 'gamma': 0.9, 'p_opt_a1_4000': 0.54325, 'p_opt_a1': 0.53656, 'z': 23.12, 'power_diff': -0.030646706556534883, 'power_diff_se': 0.00045078197811101637, 'confirmed': 1}
{'inst': 111, 'gamma': 0.9, 'p_opt_a1_4000': 0.556, 'p_opt_a1': 0.5643, 'z': 40.67, 'power_diff': -0.058068036896447774, 'power_diff_se': 0.00046843630025883085, 'confirmed': 1}
{'inst': 175, 'gamma': 0.9, 'p_opt_a1_4000': 0.52925, 'p_opt_a1': 0.52855, 'z': 18.06, 'power_diff': -0.013529752479053516, 'power_diff_se': 0.0002320553822169777, 'confirmed': 1}
{'inst': 210, 'gamma': 0.9, 'p_opt_a1_4000': 0.5265, 'p_opt_a1': 0.51777, 'z': 11.24, 'power_diff': -0.01117569550892681, 'power_diff_se': 0.00020058516446780125, 'confirmed': 1}
{'inst': 263, 'gamma': 0.9, 'p_opt_a1_4000': 0.5835, 'p_opt_a1': 0.57414, 'z': 46.89, 'power_diff': -0.007217565287224518, 'power_diff_se': 0.0002808118700394087, 'confirmed': 1}
{'inst': 326, 'gamma': 0.9, 'p_opt_a1_4000': 0.547, 'p_opt_a1': 0.54026, 'z': 25.46, 'power_diff': -0.006450961136339933, 'power_diff_se': 0.00016733126201667228, 'confirmed': 1}
{'inst': 343, 'gamma': 0.9, 'p_opt_a1_4000': 0.37225, 'p_opt_a1': 0.3676, 'z': -83.74, 'power_diff': 0.06402884132906447, 'power_diff_se': 0.00044455716089884226, 'confirmed': 1}
{'inst': 348, 'gamma': 0.9, 'p_opt_a1_4000': 0.4365, 'p_opt_a1': 0.43895, 'z': -38.61, 'power_diff': 0.004229670312881718, 'power_diff_se': 0.00011956466854206365, 'confirmed': 1}
{'inst': 466, 'gamma': 0.9, 'p_opt_a1_4000': 0.60475, 'p_opt_a1': 0.59719, 'z': 61.47, 'power_diff': -0.005582196743021746, 'power_diff_se': 0.00018481900286926295, 'confirmed': 1}
{'inst': 491, 'gamma': 0.9, 'p_opt_a1_4000': 0.53, 'p_opt_a1': 0.53729, 'z': 23.58, 'power_diff': -0.003675594453314475, 'power_diff_se': 0.00019155137797288778, 'confirmed': 1}
{'inst': 508, 'gamma': 0.9, 'p_opt_a1_4000': 0.44475, 'p_opt_a1': 0.45211, 'z': -30.29, 'power_diff': 0.005529166477352738, 'power_diff_se': 0.0002341613554086836, 'confirmed': 1}
{'inst': 513, 'gamma': 0.9, 'p_opt_a1_4000': 0.4285, 'p_opt_a1': 0.42995, 'z': -44.3, 'power_diff': 0.0379799481331491, 'power_diff_se': 0.00034682659010587546, 'confirmed': 1}
{'inst': 566, 'gamma': 0.9, 'p_opt_a1_4000': 0.65175, 'p_opt_a1': 0.64559, 'z': 92.08, 'power_diff': -0.008310593804342329, 'power_diff_se': 0.00025783474753262356, 'confirmed': 1}
{'inst': 579, 'gamma': 0.9, 'p_opt_a1_4000': 0.5985, 'p_opt_a1': 0.59305, 'z': 58.85, 'power_diff': -0.001989005902549553, 'power_diff_se': 0.0002370428919806709, 'confirmed': 1}
{'inst': 697, 'gamma': 0.9, 'p_opt_a1_4000': 0.5455, 'p_opt_a1': 0.54385, 'z': 27.73, 'power_diff': -0.03077863853005766, 'power_diff_se': 0.0005949013175881233, 'confirmed': 1}
{'inst': 754, 'gamma': 0.9, 'p_opt_a1_4000': 0.56775, 'p_opt_a1': 0.55154, 'z': 32.6, 'power_diff': -0.010520954673914784, 'power_diff_se': 0.0001337921929301768, 'confirmed': 1}
{'inst': 811, 'gamma': 0.9, 'p_opt_a1_4000': 0.623, 'p_opt_a1': 0.62292, 'z': 77.74, 'power_diff': -0.013261499936569257, 'power_diff_se': 0.00018254581691519063, 'confirmed': 1}
{'inst': 833, 'gamma': 0.9, 'p_opt_a1_4000': 0.55675, 'p_opt_a1': 0.55968, 'z': 37.74, 'power_diff': -0.010331434732273392, 'power_diff_se': 0.0002632626403784792, 'confirmed': 1}
{'inst': 845, 'gamma': 0.9, 'p_opt_a1_4000': 0.403, 'p_opt_a1': 0.41852, 'z': -51.53, 'power_diff': 0.009536229767470556, 'power_diff_se': 0.0003568378132422776, 'confirmed': 1}
{'inst': 876, 'gamma': 0.9, 'p_opt_a1_4000': 0.5425, 'p_opt_a1': 0.54725, 'z': 29.88, 'power_diff': -0.006054213083903123, 'power_diff_se': 0.00017293133308943025, 'confirmed': 1}
{'inst': 880, 'gamma': 0.9, 'p_opt_a1_4000': 0.5535, 'p_opt_a1': 0.55722, 'z': 36.19, 'power_diff': -0.004072879920602488, 'power_diff_se': 0.00020153689764905783, 'confirmed': 1}
{'inst': 881, 'gamma': 0.9, 'p_opt_a1_4000': 0.47225, 'p_opt_a1': 0.46829, 'z': -20.06, 'power_diff': 0.003463513725078322, 'power_diff_se': 0.0001302399505172156, 'confirmed': 1}
{'inst': 899, 'gamma': 0.9, 'p_opt_a1_4000': 0.5345, 'p_opt_a1': 0.52931, 'z': 18.54, 'power_diff': -0.006404372265427855, 'power_diff_se': 0.00015958159607583103, 'confirmed': 1}
{'inst': 942, 'gamma': 0.9, 'p_opt_a1_4000': 0.5375, 'p_opt_a1': 0.53987, 'z': 25.22, 'power_diff': -0.008456034091351324, 'power_diff_se': 0.00010035778548507302, 'confirmed': 1}
{'inst': 961, 'gamma': 0.9, 'p_opt_a1_4000': 0.52575, 'p_opt_a1': 0.52147, 'z': 13.58, 'power_diff': -0.002353636158630481, 'power_diff_se': 0.0001263948628078812, 'confirmed': 1}
{'inst': 993, 'gamma': 0.9, 'p_opt_a1_4000': 0.4725, 'p_opt_a1': 0.48048, 'z': -12.35, 'power_diff': 0.005149585230898217, 'power_diff_se': 0.00011844469560258673, 'confirmed': 1}
{'inst': 2, 'gamma': 0.99, 'p_opt_a1_4000': 0.72225, 'p_opt_a1': 0.71907, 'z': 138.55, 'power_diff': -0.0008124608351059819, 'power_diff_se': 2.0037555608225418e-05, 'confirmed': 1}
{'inst': 20, 'gamma': 0.99, 'p_opt_a1_4000': 0.59925, 'p_opt_a1': 0.60127, 'z': 64.05, 'power_diff': -0.0008522206642756524, 'power_diff_se': 2.432573643985114e-05, 'confirmed': 1}
{'inst': 27, 'gamma': 0.99, 'p_opt_a1_4000': 0.4255, 'p_opt_a1': 0.4332, 'z': -42.25, 'power_diff': 0.001672248712529587, 'power_diff_se': 2.7267164578161817e-05, 'confirmed': 1}
{'inst': 58, 'gamma': 0.99, 'p_opt_a1_4000': 0.54825, 'p_opt_a1': 0.55833, 'z': 36.89, 'power_diff': -0.00035420616267771736, 'power_diff_se': 1.7383822184352535e-05, 'confirmed': 1}
{'inst': 62, 'gamma': 0.99, 'p_opt_a1_4000': 0.4525, 'p_opt_a1': 0.45324, 'z': -29.57, 'power_diff': 0.035736298418865525, 'power_diff_se': 0.0002758015577483134, 'confirmed': 1}
{'inst': 111, 'gamma': 0.99, 'p_opt_a1_4000': 0.58275, 'p_opt_a1': 0.58955, 'z': 56.64, 'power_diff': -0.07156357710649003, 'power_diff_se': 0.00042598952105373243, 'confirmed': 1}
{'inst': 175, 'gamma': 0.99, 'p_opt_a1_4000': 0.54625, 'p_opt_a1': 0.54784, 'z': 30.26, 'power_diff': -0.0019701073845898825, 'power_diff_se': 3.036986299010681e-05, 'confirmed': 1}
{'inst': 176, 'gamma': 0.99, 'p_opt_a1_4000': 0.44525, 'p_opt_a1': 0.44787, 'z': -32.97, 'power_diff': 0.0002986747508065226, 'power_diff_se': 1.7530050900304774e-05, 'confirmed': 1}
{'inst': 210, 'gamma': 0.99, 'p_opt_a1_4000': 0.54975, 'p_opt_a1': 0.54225, 'z': 26.72, 'power_diff': -0.0012522936606289483, 'power_diff_se': 2.3953516763080548e-05, 'confirmed': 1}
{'inst': 240, 'gamma': 0.99, 'p_opt_a1_4000': 0.5325, 'p_opt_a1': 0.52969, 'z': 18.78, 'power_diff': -0.0007715962005517303, 'power_diff_se': 1.3263461583772528e-05, 'confirmed': 1}
{'inst': 263, 'gamma': 0.99, 'p_opt_a1_4000': 0.618, 'p_opt_a1': 0.6099, 'z': 69.51, 'power_diff': -0.0011316511676205151, 'power_diff_se': 3.503500975796983e-05, 'confirmed': 1}
{'inst': 266, 'gamma': 0.99, 'p_opt_a1_4000': 0.339, 'p_opt_a1': 0.33358, 'z': -105.25, 'power_diff': 0.018219961062294433, 'power_diff_se': 0.00019153858368229208, 'confirmed': 1}
{'inst': 326, 'gamma': 0.99, 'p_opt_a1_4000': 0.55425, 'p_opt_a1': 0.54761, 'z': 30.11, 'power_diff': -0.0009161122849878004, 'power_diff_se': 1.8693447179309057e-05, 'confirmed': 1}
{'inst': 329, 'gamma': 0.99, 'p_opt_a1_4000': 0.54175, 'p_opt_a1': 0.55186, 'z': 32.8, 'power_diff': -0.0010026557172450993, 'power_diff_se': 2.6207700830997123e-05, 'confirmed': 1}
{'inst': 343, 'gamma': 0.99, 'p_opt_a1_4000': 0.34175, 'p_opt_a1': 0.33436, 'z': -104.76, 'power_diff': 0.06813391370297966, 'power_diff_se': 0.0004147550642650551, 'confirmed': 1}
{'inst': 348, 'gamma': 0.99, 'p_opt_a1_4000': 0.41975, 'p_opt_a1': 0.42269, 'z': -48.9, 'power_diff': 0.0004268699322345078, 'power_diff_se': 1.253475073802206e-05, 'confirmed': 1}
{'inst': 433, 'gamma': 0.99, 'p_opt_a1_4000': 0.53325, 'p_opt_a1': 0.52495, 'z': 15.78, 'power_diff': -0.00041394009804984327, 'power_diff_se': 1.6765948700276428e-05, 'confirmed': 1}
{'inst': 468, 'gamma': 0.99, 'p_opt_a1_4000': 0.8135, 'p_opt_a1': 0.81153, 'z': 197.03, 'power_diff': -0.020501350624706174, 'power_diff_se': 0.00022742785434742987, 'confirmed': 1}
{'inst': 491, 'gamma': 0.99, 'p_opt_a1_4000': 0.54, 'p_opt_a1': 0.55087, 'z': 32.17, 'power_diff': -0.0004511332687366206, 'power_diff_se': 2.2601939852088956e-05, 'confirmed': 1}
{'inst': 508, 'gamma': 0.99, 'p_opt_a1_4000': 0.441, 'p_opt_a1': 0.44589, 'z': -34.22, 'power_diff': 0.001050791402847366, 'power_diff_se': 2.93540571661983e-05, 'confirmed': 1}
{'inst': 513, 'gamma': 0.99, 'p_opt_a1_4000': 0.3725, 'p_opt_a1': 0.36828, 'z': -83.31, 'power_diff': 0.0048148308759713935, 'power_diff_se': 4.6554456728236674e-05, 'confirmed': 1}
{'inst': 532, 'gamma': 0.99, 'p_opt_a1_4000': 0.53525, 'p_opt_a1': 0.53183, 'z': 20.13, 'power_diff': -0.002492695081015691, 'power_diff_se': 2.8097179110045472e-05, 'confirmed': 1}
{'inst': 566, 'gamma': 0.99, 'p_opt_a1_4000': 0.72375, 'p_opt_a1': 0.72052, 'z': 139.47, 'power_diff': -0.0007751556090124011, 'power_diff_se': 3.231581036493991e-05, 'confirmed': 1}
{'inst': 579, 'gamma': 0.99, 'p_opt_a1_4000': 0.61825, 'p_opt_a1': 0.6093, 'z': 69.13, 'power_diff': -0.016935262842852027, 'power_diff_se': 0.00017498459237206906, 'confirmed': 1}
{'inst': 607, 'gamma': 0.99, 'p_opt_a1_4000': 0.56325, 'p_opt_a1': 0.55255, 'z': 33.24, 'power_diff': -0.06496169925295481, 'power_diff_se': 0.00038121356716751503, 'confirmed': 1}
{'inst': 659, 'gamma': 0.99, 'p_opt_a1_4000': 0.458, 'p_opt_a1': 0.46807, 'z': -20.19, 'power_diff': 0.0021296644888302357, 'power_diff_se': 2.1252902848422633e-05, 'confirmed': 1}
{'inst': 660, 'gamma': 0.99, 'p_opt_a1_4000': 0.4725, 'p_opt_a1': 0.48827, 'z': -7.42, 'power_diff': 0.00019840224793312992, 'power_diff_se': 1.341748606523594e-05, 'confirmed': 1}
{'inst': 663, 'gamma': 0.99, 'p_opt_a1_4000': 0.4545, 'p_opt_a1': 0.4479, 'z': -32.95, 'power_diff': 0.0026119683890304278, 'power_diff_se': 3.3491988872058005e-05, 'confirmed': 1}
{'inst': 697, 'gamma': 0.99, 'p_opt_a1_4000': 0.52575, 'p_opt_a1': 0.52963, 'z': 18.74, 'power_diff': -0.08481344838160143, 'power_diff_se': 0.00047537015955022614, 'confirmed': 1}
{'inst': 754, 'gamma': 0.99, 'p_opt_a1_4000': 0.57525, 'p_opt_a1': 0.55738, 'z': 36.29, 'power_diff': -0.0009900079064764137, 'power_diff_se': 1.3675231194505001e-05, 'confirmed': 1}
{'inst': 804, 'gamma': 0.99, 'p_opt_a1_4000': 0.819, 'p_opt_a1': 0.82792, 'z': 207.39, 'power_diff': -0.018247177452561564, 'power_diff_se': 0.00022274273791814117, 'confirmed': 1}
{'inst': 811, 'gamma': 0.99, 'p_opt_a1_4000': 0.694, 'p_opt_a1': 0.69027, 'z': 120.34, 'power_diff': -0.0008884814760670776, 'power_diff_se': 2.048771719315086e-05, 'confirmed': 1}
{'inst': 815, 'gamma': 0.99, 'p_opt_a1_4000': 0.46425, 'p_opt_a1': 0.47111, 'z': -18.27, 'power_diff': 0.0030771988290714744, 'power_diff_se': 5.002606484703073e-05, 'confirmed': 1}
{'inst': 833, 'gamma': 0.99, 'p_opt_a1_4000': 0.6185, 'p_opt_a1': 0.61811, 'z': 74.7, 'power_diff': -0.0008834598012070505, 'power_diff_se': 3.370332050572505e-05, 'confirmed': 1}
{'inst': 845, 'gamma': 0.99, 'p_opt_a1_4000': 0.3455, 'p_opt_a1': 0.35675, 'z': -90.6, 'power_diff': 0.021886684560533904, 'power_diff_se': 0.0002337135302106536, 'confirmed': 1}
{'inst': 866, 'gamma': 0.99, 'p_opt_a1_4000': 0.5325, 'p_opt_a1': 0.53957, 'z': 25.03, 'power_diff': -0.00037384751759139706, 'power_diff_se': 2.013144765437001e-05, 'confirmed': 1}
{'inst': 876, 'gamma': 0.99, 'p_opt_a1_4000': 0.54525, 'p_opt_a1': 0.55038, 'z': 31.86, 'power_diff': -0.0009639625156288895, 'power_diff_se': 1.987821057370261e-05, 'confirmed': 1}
{'inst': 880, 'gamma': 0.99, 'p_opt_a1_4000': 0.58, 'p_opt_a1': 0.57884, 'z': 49.86, 'power_diff': -0.0004858179690390367, 'power_diff_se': 2.3565470600708405e-05, 'confirmed': 1}
{'inst': 942, 'gamma': 0.99, 'p_opt_a1_4000': 0.54575, 'p_opt_a1': 0.54734, 'z': 29.94, 'power_diff': -0.0008218823489901123, 'power_diff_se': 1.0351340831987038e-05, 'confirmed': 1}
{'inst': 953, 'gamma': 0.99, 'p_opt_a1_4000': 0.47475, 'p_opt_a1': 0.4654, 'z': -21.88, 'power_diff': 0.00020143438664735284, 'power_diff_se': 1.1306922914645235e-05, 'confirmed': 1}
{'inst': 993, 'gamma': 0.99, 'p_opt_a1_4000': 0.4675, 'p_opt_a1': 0.47488, 'z': -15.89, 'power_diff': 0.0005775144188613689, 'power_diff_se': 1.2515637756407155e-05, 'confirmed': 1}
{'inst': 2, 'gamma': 0.999, 'p_opt_a1_4000': 0.728, 'p_opt_a1': 0.72257, 'z': 140.77, 'power_diff': -8.322598259309238e-05, 'power_diff_se': 2.027995883588887e-06, 'confirmed': 1}
{'inst': 20, 'gamma': 0.999, 'p_opt_a1_4000': 0.60525, 'p_opt_a1': 0.60641, 'z': 67.3, 'power_diff': -8.826818477612144e-05, 'power_diff_se': 2.4750261154540922e-06, 'confirmed': 1}
{'inst': 27, 'gamma': 0.999, 'p_opt_a1_4000': 0.4205, 'p_opt_a1': 0.42656, 'z': -46.45, 'power_diff': 0.00016221636358507233, 'power_diff_se': 2.7856359172544133e-06, 'confirmed': 1}
{'inst': 58, 'gamma': 0.999, 'p_opt_a1_4000': 0.5495, 'p_opt_a1': 0.56066, 'z': 38.36, 'power_diff': -3.656623875796963e-05, 'power_diff_se': 1.769381463367972e-06, 'confirmed': 1}
{'inst': 62, 'gamma': 0.999, 'p_opt_a1_4000': 0.44725, 'p_opt_a1': 0.4485, 'z': -32.57, 'power_diff': 0.03574899321825717, 'power_diff_se': 0.00027112769973041296, 'confirmed': 1}
{'inst': 111, 'gamma': 0.999, 'p_opt_a1_4000': 0.5855, 'p_opt_a1': 0.59242, 'z': 58.45, 'power_diff': -0.07335086169395606, 'power_diff_se': 0.00042249834085896317, 'confirmed': 1}
{'inst': 175, 'gamma': 0.999, 'p_opt_a1_4000': 0.54875, 'p_opt_a1': 0.54995, 'z': 31.59, 'power_diff': -0.00020599334608726574, 'power_diff_se': 3.129712827991614e-06, 'confirmed': 1}
{'inst': 176, 'gamma': 0.999, 'p_opt_a1_4000': 0.44425, 'p_opt_a1': 0.44642, 'z': -33.89, 'power_diff': 3.202616135503587e-05, 'power_diff_se': 1.7825616390983324e-06, 'confirmed': 1}
{'inst': 210, 'gamma': 0.999, 'p_opt_a1_4000': 0.55325, 'p_opt_a1': 0.54453, 'z': 28.16, 'power_diff': -0.00012625168714216407, 'power_diff_se': 2.4362457277237575e-06, 'confirmed': 1}
{'inst': 240, 'gamma': 0.999, 'p_opt_a1_4000': 0.53525, 'p_opt_a1': 0.53151, 'z': 19.93, 'power_diff': -7.587881926476202e-05, 'power_diff_se': 1.3330710383335196e-06, 'confirmed': 1}
{'inst': 263, 'gamma': 0.999, 'p_opt_a1_4000': 0.62375, 'p_opt_a1': 0.61465, 'z': 72.51, 'power_diff': -0.0001166175266546844, 'power_diff_se': 3.584056715504316e-06, 'confirmed': 1}
{'inst': 266, 'gamma': 0.999, 'p_opt_a1_4000': 0.336, 'p_opt_a1': 0.3312, 'z': -106.76, 'power_diff': 0.0201362497914659, 'power_diff_se': 0.00018928044355003156, 'confirmed': 1}
{'inst': 326, 'gamma': 0.999, 'p_opt_a1_4000': 0.55475, 'p_opt_a1': 0.5483, 'z': 30.55, 'power_diff': -9.455511892172962e-05, 'power_diff_se': 1.8901649909192844e-06, 'confirmed': 1}
{'inst': 329, 'gamma': 0.999, 'p_opt_a1_4000': 0.5435, 'p_opt_a1': 0.55472, 'z': 34.61, 'power_diff': -0.0001037270909987996, 'power_diff_se': 2.6634322681514875e-06, 'confirmed': 1}
{'inst': 343, 'gamma': 0.999, 'p_opt_a1_4000': 0.338, 'p_opt_a1': 0.33096, 'z': -106.91, 'power_diff': 0.0688568946677233, 'power_diff_se': 0.0004121920097539169, 'confirmed': 1}
{'inst': 348, 'gamma': 0.999, 'p_opt_a1_4000': 0.41675, 'p_opt_a1': 0.42098, 'z': -49.98, 'power_diff': 4.2568877826210406e-05, 'power_diff_se': 1.259564884512202e-06, 'confirmed': 1}
{'inst': 433, 'gamma': 0.999, 'p_opt_a1_4000': 0.534, 'p_opt_a1': 0.52609, 'z': 16.5, 'power_diff': -4.179049493451903e-05, 'power_diff_se': 1.6931717365081212e-06, 'confirmed': 1}
{'inst': 468, 'gamma': 0.999, 'p_opt_a1_4000': 0.81775, 'p_opt_a1': 0.81588, 'z': 199.78, 'power_diff': -0.024349738511528447, 'power_diff_se': 0.0002204755730139281, 'confirmed': 1}
{'inst': 491, 'gamma': 0.999, 'p_opt_a1_4000': 0.54025, 'p_opt_a1': 0.55154, 'z': 32.6, 'power_diff': -4.6722635867745865e-05, 'power_diff_se': 2.2991484604823427e-06, 'confirmed': 1}
{'inst': 508, 'gamma': 0.999, 'p_opt_a1_4000': 0.44275, 'p_opt_a1': 0.44449, 'z': -35.11, 'power_diff': 0.00010910717485498384, 'power_diff_se': 3.0055456348526517e-06, 'confirmed': 1}
{'inst': 513, 'gamma': 0.999, 'p_opt_a1_4000': 0.36675, 'p_opt_a1': 0.36152, 'z': -87.58, 'power_diff': 0.0004942481465467988, 'power_diff_se': 4.797743586585235e-06, 'confirmed': 1}
{'inst': 532, 'gamma': 0.999, 'p_opt_a1_4000': 0.5385, 'p_opt_a1': 0.53395, 'z': 21.47, 'power_diff': -0.00026222349627960434, 'power_diff_se': 2.8938436747415684e-06, 'confirmed': 1}
{'inst': 566, 'gamma': 0.999, 'p_opt_a1_4000': 0.73175, 'p_opt_a1': 0.72737, 'z': 143.8, 'power_diff': -7.765791945386776e-05, 'power_diff_se': 3.3090788690631155e-06, 'confirmed': 1}
{'inst': 579, 'gamma': 0.999, 'p_opt_a1_4000': 0.61925, 'p_opt_a1': 0.61061, 'z': 69.96, 'power_diff': -0.018768776680141555, 'power_diff_se': 0.0001720387917694489, 'confirmed': 1}
{'inst': 607, 'gamma': 0.999, 'p_opt_a1_4000': 0.5555, 'p_opt_a1': 0.54338, 'z': 27.44, 'power_diff': -0.0735387048663229, 'power_diff_se': 0.00037932857062775177, 'confirmed': 1}
{'inst': 659, 'gamma': 0.999, 'p_opt_a1_4000': 0.45075, 'p_opt_a1': 0.46133, 'z': -24.46, 'power_diff': 0.00021002591769249854, 'power_diff_se': 2.1565492158878734e-06, 'confirmed': 1}
{'inst': 660, 'gamma': 0.999, 'p_opt_a1_4000': 0.47225, 'p_opt_a1': 0.48728, 'z': -8.04, 'power_diff': 1.897737724385466e-05, 'power_diff_se': 1.349813198287241e-06, 'confirmed': 1}
{'inst': 663, 'gamma': 0.999, 'p_opt_a1_4000': 0.4515, 'p_opt_a1': 0.44374, 'z': -35.58, 'power_diff': 0.00027033788768893646, 'power_diff_se': 3.4463944551036595e-06, 'confirmed': 1}
{'inst': 697, 'gamma': 0.999, 'p_opt_a1_4000': 0.52375, 'p_opt_a1': 0.5275, 'z': 17.39, 'power_diff': -0.09204703605109589, 'power_diff_se': 0.00046250144530457916, 'confirmed': 1}
{'inst': 754, 'gamma': 0.999, 'p_opt_a1_4000': 0.5755, 'p_opt_a1': 0.5573, 'z': 36.24, 'power_diff': -9.816886975458445e-05, 'power_diff_se': 1.3672770992204734e-06, 'confirmed': 1}
{'inst': 804, 'gamma': 0.999, 'p_opt_a1_4000': 0.8215, 'p_opt_a1': 0.83114, 'z': 209.43, 'power_diff': -0.022518364685880896, 'power_diff_se': 0.00021697654439737778, 'confirmed': 1}
{'inst': 811, 'gamma': 0.999, 'p_opt_a1_4000': 0.69925, 'p_opt_a1': 0.69713, 'z': 124.68, 'power_diff': -8.374365592343352e-05, 'power_diff_se': 2.0728169966563837e-06, 'confirmed': 1}
{'inst': 815, 'gamma': 0.999, 'p_opt_a1_4000': 0.46875, 'p_opt_a1': 0.47566, 'z': -15.39, 'power_diff': 0.00036644268631439054, 'power_diff_se': 5.234855941179264e-06, 'confirmed': 1}
{'inst': 833, 'gamma': 0.999, 'p_opt_a1_4000': 0.62575, 'p_opt_a1': 0.62554, 'z': 79.4, 'power_diff': -8.508906450314389e-05, 'power_diff_se': 3.4602810923151693e-06, 'confirmed': 1}
{'inst': 845, 'gamma': 0.999, 'p_opt_a1_4000': 0.341, 'p_opt_a1': 0.35075, 'z': -94.39, 'power_diff': 0.02462984185062835, 'power_diff_se': 0.00022502840148213795, 'confirmed': 1}
{'inst': 866, 'gamma': 0.999, 'p_opt_a1_4000': 0.53475, 'p_opt_a1': 0.54323, 'z': 27.34, 'power_diff': -3.571045243089091e-05, 'power_diff_se': 2.037146720822253e-06, 'confirmed': 1}
{'inst': 876, 'gamma': 0.999, 'p_opt_a1_4000': 0.54575, 'p_opt_a1': 0.55074, 'z': 32.09, 'power_diff': -0.00010096123970913417, 'power_diff_se': 2.0178923594019037e-06, 'confirmed': 1}
{'inst': 880, 'gamma': 0.999, 'p_opt_a1_4000': 0.58275, 'p_opt_a1': 0.58125, 'z': 51.39, 'power_diff': -4.9240137384294475e-05, 'power_diff_se': 2.3916345524856236e-06, 'confirmed': 1}
{'inst': 942, 'gamma': 0.999, 'p_opt_a1_4000': 0.5455, 'p_opt_a1': 0.5482, 'z': 30.48, 'power_diff': -8.185911313706199e-05, 'power_diff_se': 1.03878488821077e-06, 'confirmed': 1}
{'inst': 953, 'gamma': 0.999, 'p_opt_a1_4000': 0.4745, 'p_opt_a1': 0.46518, 'z': -22.02, 'power_diff': 2.0416773524355567e-05, 'power_diff_se': 1.133419585273952e-06, 'confirmed': 1}
{'inst': 993, 'gamma': 0.999, 'p_opt_a1_4000': 0.4675, 'p_opt_a1': 0.47422, 'z': -16.3, 'power_diff': 5.832798419340156e-05, 'power_diff_se': 1.2581595400011872e-06, 'confirmed': 1}
confirmed 115 of 115
